ochwa@DESKTOP-UC18NC9 MINGW64 ~/Desktop/Ironhack/Unit 1
$ echo "Hello World"
Hello World

ochwa@DESKTOP-UC18NC9 MINGW64 ~/Desktop/Ironhack/Unit 1
$ cd lab-bash

ochwa@DESKTOP-UC18NC9 MINGW64 ~/Desktop/Ironhack/Unit 1/lab-bash (master)
$ mkdir new_dir

ochwa@DESKTOP-UC18NC9 MINGW64 ~/Desktop/Ironhack/Unit 1/lab-bash (master)
$ rm -r new_dir

ochwa@DESKTOP-UC18NC9 MINGW64 ~/Desktop/Ironhack/Unit 1/lab-bash (master)
$ cd lorem

ochwa@DESKTOP-UC18NC9 MINGW64 ~/Desktop/Ironhack/Unit 1/lab-bash/lorem (master)
$ ls
at.txt  at.txte  lorem.txt  sed.txt

ochwa@DESKTOP-UC18NC9 MINGW64 ~/Desktop/Ironhack/Unit 1/lab-bash/lorem (master)
$ cp sed.txt ../lorem-copy

ochwa@DESKTOP-UC18NC9 MINGW64 ~/Desktop/Ironhack/Unit 1/lab-bash/lorem (master)
$ more at.txt
bash: more: command not found

ochwa@DESKTOP-UC18NC9 MINGW64 ~/Desktop/Ironhack/Unit 1/lab-bash/lorem (master)
$ cat at.txt
At vero eos ET accusamus ET iusto odio dignissimos ducimus qui blanditiis praesentium voluptatum
deleniti atque corrupti quos dolores ET quas molestias excepturi sint occaecati cupiditate non
provident, similique sunt in culpa qui officia deserunt mollitia animi, id est laborum ET dolorum fuga.
Et harum quidem rerum facilis est ET expedita distinctio.
Nam libero tempore, cum soluta nobis est eligendi optio cumque nihil impedit quo minus id quod
maxime placeat facere possimus, omnis voluptas assumenda est, omnis dolor repellendus.
Temporibus autem quibusdam ET aut officiis debitis aut rerum necessitatibus saepe eveniET
ut ET voluptates repudiandae sint ET molestiae non recusandae.
Itaque earum rerum hic tenETur a sapiente delectus, ut aut reiciendis voluptatibus maiores
alias consequatur aut perferendis doloribus asperiores repellat

ochwa@DESKTOP-UC18NC9 MINGW64 ~/Desktop/Ironhack/Unit 1/lab-bash/lorem (master)
$ cat lorem.txt
Lorem ipsum dolor sit amet, consectetur adipiscing elit, sed do eiusmod tempor incididunt ut labore et dolore magna aliqua.
Ut enim ad minim veniam, quis nostrud exercitation ullamco laboris nisi ut aliquip ex ea commodo consequat.
Duis aute irure dolor in reprehenderit in voluptate velit esse cillum dolore eu fugiat nulla pariatur.
Excepteur sint occaecat cupidatat non proident, sunt in culpa qui officia deserunt mollit anim id est laborum.
ochwa@DESKTOP-UC18NC9 MINGW64 ~/Desktop/Ironhack/Unit 1/lab-bash/lorem (master)
$ cd ..

ochwa@DESKTOP-UC18NC9 MINGW64 ~/Desktop/Ironhack/Unit 1/lab-bash (master)
$ cd lorem-copy

ochwa@DESKTOP-UC18NC9 MINGW64 ~/Desktop/Ironhack/Unit 1/lab-bash/lorem-copy (master)
$ head -3 sed.txt
Sed ut perspiciatis unde omnis iste natus error sit voluptatem accusantium doloremque laudantium,
totam rem aperiam, eaque ipsa quae ab illo inventore veritatis et quasi architecto beatae vitae dicta sunt explicabo.
Nemo enim ipsam voluptatem quia voluptas sit aspernatur aut odit aut fugit,

ochwa@DESKTOP-UC18NC9 MINGW64 ~/Desktop/Ironhack/Unit 1/lab-bash/lorem-copy (master)
$ tail -3 sed.txt
Ut enim ad minima veniam, quis nostrum exercitationem ullam corporis suscipit laboriosam,
nisi ut aliquid ex ea commodi consequatur? Quis autem vel eum iure reprehenderit qui in ea voluptate velit esse quam nihil molestiae consequatur,
vel illum qui dolorem eum fugiat quo voluptas nulla pariatur?Homo homini lupus

ochwa@DESKTOP-UC18NC9 MINGW64 ~/Desktop/Ironhack/Unit 1/lab-bash/lorem-copy (master)
$ cd ..

ochwa@DESKTOP-UC18NC9 MINGW64 ~/Desktop/Ironhack/Unit 1/lab-bash (master)
$ cd lorem

ochwa@DESKTOP-UC18NC9 MINGW64 ~/Desktop/Ironhack/Unit 1/lab-bash/lorem (master)
$ sed -i 's/et/ET/' at.txt

ochwa@DESKTOP-UC18NC9 MINGW64 ~/Desktop/Ironhack/Unit 1/lab-bash/lorem (master)
$ cat at.txt
At vero eos ET accusamus ET iusto odio dignissimos ducimus qui blanditiis praesentium voluptatum
deleniti atque corrupti quos dolores ET quas molestias excepturi sint occaecati cupiditate non
provident, similique sunt in culpa qui officia deserunt mollitia animi, id est laborum ET dolorum fuga.
Et harum quidem rerum facilis est ET expedita distinctio.
Nam libero tempore, cum soluta nobis est eligendi optio cumque nihil impedit quo minus id quod
maxime placeat facere possimus, omnis voluptas assumenda est, omnis dolor repellendus.
Temporibus autem quibusdam ET aut officiis debitis aut rerum necessitatibus saepe eveniET
ut ET voluptates repudiandae sint ET molestiae non recusandae.
Itaque earum rerum hic tenETur a sapiente delectus, ut aut reiciendis voluptatibus maiores
alias consequatur aut perferendis doloribus asperiores repellat

ochwa@DESKTOP-UC18NC9 MINGW64 ~/Desktop/Ironhack/Unit 1/lab-bash/lorem (master)
$ whoami
ochwa

ochwa@DESKTOP-UC18NC9 MINGW64 ~/Desktop/Ironhack/Unit 1/lab-bash/lorem (master)
$ pwd
/c/Users/ochwa/Desktop/Ironhack/Unit 1/lab-bash/lorem

ochwa@DESKTOP-UC18NC9 MINGW64 ~/Desktop/Ironhack/Unit 1/lab-bash/lorem (master)
$ ls -txt
at.txt  lorem.txt  sed.txt  at.txte

ochwa@DESKTOP-UC18NC9 MINGW64 ~/Desktop/Ironhack/Unit 1/lab-bash/lorem (master)
$ wc -l sed.txt
9 sed.txt

ochwa@DESKTOP-UC18NC9 MINGW64 ~/Desktop/Ironhack/Unit 1/lab-bash/lorem (master)
$ cd ..

ochwa@DESKTOP-UC18NC9 MINGW64 ~/Desktop/Ironhack/Unit 1/lab-bash (master)
$ cd ..

ochwa@DESKTOP-UC18NC9 MINGW64 ~/Desktop/Ironhack/Unit 1
$ cd ..

ochwa@DESKTOP-UC18NC9 MINGW64 ~/Desktop/Ironhack
$ cd ..

ochwa@DESKTOP-UC18NC9 MINGW64 ~/Desktop
$ cd ..

ochwa@DESKTOP-UC18NC9 MINGW64 ~
$ find lorem -type f | wc -l
3

